exports[`GetPlatform 1`] = `"{\"opent2t\":{\"schema\":\"org.opent2t.sample.binaryswitch.superpopular\",\"translator\":\"opent2t-translator-com-smartthings-binaryswitch\",\"controlId\":\"3b5e69d7-1e74-4bce-8b5d-da9ead378a56\",\"endpointUri\":\"https://sample.endpoint.com/123\"},\"pi\":\"3b5e69d7-1e74-4bce-8b5d-da9ead378a56\",\"mnmn\":\"Mock Manufacturer\",\"mnmo\":\"Mock Model\",\"n\":\"Mock Name\",\"rt\":[\"org.opent2t.sample.binaryswitch.superpopular\"],\"entities\":[{\"n\":\"Mock Name\",\"icv\":\"core.1.1.0\",\"dmv\":\"res.1.1.0\",\"rt\":[\"oic.d.smartplug\"],\"di\":\"d455d979-d1f9-430a-8a15-61c432eda4a2\",\"resources\":[{\"href\":\"/power\",\"rt\":[\"oic.r.switch.binary\"],\"if\":[\"oic.if.a\",\"oic.if.baseline\"]}]}]}"`;

exports[`GetPlatformExpanded 1`] = `"{"opent2t":{"schema":"org.opent2t.sample.binaryswitch.superpopular","translator":"opent2t-translator-com-smartthings-binaryswitch","controlId":"3b5e69d7-1e74-4bce-8b5d-da9ead378a56","endpointUri":"https://sample.endpoint.com/123"},"pi":"3b5e69d7-1e74-4bce-8b5d-da9ead378a56","mnmn":"Mock Manufacturer","mnmo":"Mock Model","n":"Mock Name","rt":["org.opent2t.sample.binaryswitch.superpopular"],"entities":[{"n":"Mock Name","icv":"core.1.1.0","dmv":"res.1.1.0","rt":["oic.d.smartplug"],"di":"d455d979-d1f9-430a-8a15-61c432eda4a2","resources":[{"href":"/power","rt":["oic.r.switch.binary"],"if":["oic.if.a","oic.if.baseline"],"id":"power","value":true}]}]}"`;
