exports[`GetPlatform 1`] = `"{\"opent2t\":{\"schema\":\"org.opent2t.sample.thermostat.superpopular\",\"translator\":\"opent2t-translator-com-insteon-thermostat\",\"controlId\":\"Mock Device\"},\"pi\":\"44b0a5fb-f8a2-0160-0fae-34978b82a172\",\"mnmn\":\"Insteon\",\"mnmo\":\"Thermostat (Generic)\",\"n\":\"Mock Device\",\"rt\":[\"org.opent2t.sample.thermostat.superpopular\"],\"entities\":[{\"n\":\"Mock Device\",\"icv\":\"core.1.1.0\",\"dmv\":\"res.1.1.0\",\"rt\":[\"opent2t.d.thermostat\"],\"di\":\"6d3b1cbc-2532-44ba-80f5-a41b60213c04\",\"resources\":[{\"href\":\"/ambientTemperature\",\"rt\":[\"oic.r.temperature\"],\"if\":[\"oic.if.s\",\"oic.if.baseline\"]},{\"href\":\"/targetTemperature\",\"rt\":[\"oic.r.temperature\"],\"if\":[\"oic.if.a\",\"oic.if.baseline\"]},{\"href\":\"/targetTemperatureHigh\",\"rt\":[\"oic.r.temperature\"],\"if\":[\"oic.if.a\",\"oic.if.baseline\"]},{\"href\":\"/targetTemperatureLow\",\"rt\":[\"oic.r.temperature\"],\"if\":[\"oic.if.a\",\"oic.if.baseline\"]},{\"href\":\"/humidity\",\"rt\":[\"oic.r.humidity\"],\"if\":[\"oic.if.s\",\"oic.if.baseline\"]},{\"href\":\"/hvacMode\",\"rt\":[\"oic.r.mode\"],\"if\":[\"oic.if.a\",\"oic.if.baseline\"]},{\"href\":\"/hasFan\",\"rt\":[\"oic.r.sensor\"],\"if\":[\"oic.if.s\",\"oic.if.baseline\"]},{\"href\":\"/connectionStatus\",\"rt\":[\"oic.r.mode\"],\"if\":[\"oic.if.s\",\"oic.if.baseline\"]},{\"href\":\"/fanMode\",\"rt\":[\"oic.r.mode\"],\"if\":[\"oic.if.a\",\"oic.if.baseline\"]}]}]}"`;

exports[`GetPlatformExpanded 1`] = `"{"opent2t":{"schema":"org.opent2t.sample.thermostat.superpopular","translator":"opent2t-translator-com-insteon-thermostat","controlId":"Mock Device"},"pi":"44b0a5fb-f8a2-0160-0fae-34978b82a172","mnmn":"Insteon","mnmo":"Thermostat (Generic)","n":"Mock Device","rt":["org.opent2t.sample.thermostat.superpopular"],"entities":[{"n":"Mock Device","icv":"core.1.1.0","dmv":"res.1.1.0","rt":["opent2t.d.thermostat"],"di":"6d3b1cbc-2532-44ba-80f5-a41b60213c04","resources":[{"href":"/ambientTemperature","rt":["oic.r.temperature"],"if":["oic.if.s","oic.if.baseline"],"id":"ambientTemperature","temperature":25,"units":"C"},{"href":"/targetTemperature","rt":["oic.r.temperature"],"if":["oic.if.a","oic.if.baseline"],"id":"targetTemperature","temperature":24,"units":"C"},{"href":"/targetTemperatureHigh","rt":["oic.r.temperature"],"if":["oic.if.a","oic.if.baseline"],"id":"targetTemperatureHigh","temperature":28,"units":"C"},{"href":"/targetTemperatureLow","rt":["oic.r.temperature"],"if":["oic.if.a","oic.if.baseline"],"id":"targetTemperatureLow","temperature":20,"units":"C"},{"href":"/humidity","rt":["oic.r.humidity"],"if":["oic.if.s","oic.if.baseline"],"id":"humidity","humidity":25},{"href":"/hvacMode","rt":["oic.r.mode"],"if":["oic.if.a","oic.if.baseline"],"id":"hvacMode","supportedModes":["auto","off","coolOnly","heatOnly"],"modes":["auto"]},{"href":"/hasFan","rt":["oic.r.sensor"],"if":["oic.if.s","oic.if.baseline"],"id":"hasFan","value":true},{"href":"/connectionStatus","rt":["oic.r.mode"],"if":["oic.if.s","oic.if.baseline"],"id":"connectionStatus","supportedModes":["online","offline","hidden","deleted"],"modes":["offline"]},{"href":"/fanMode","rt":["oic.r.mode"],"if":["oic.if.a","oic.if.baseline"],"id":"fanMode","supportedModes":["auto","on"],"modes":["auto"]}]}]}"`;
